
> frontend@0.0.0 build
> ng build --no-progress

Application bundle generation failed. [3.525 seconds]

node.exe : 
[1m[31m[31mX [41;
31m[[41;97mERROR[41
;31m][0m 
[1mNG5002: 
Unexpected closing 
tag "div". It may 
happen when the tag 
has already been 
closed by another 
tag. For more info 
see https://www.w3.or
g/TR/html5/syntax.htm
l#closing-elements-th
at-have-implied-end-t
ags[0m 
[1m[35m[plugin 
angular-compiler][0m
At line:1 char:1
+ & "C:\Program Files
\nodejs/node.exe" 
"C:\Program 
Files\nodejs/node_mo 
...
+ ~~~~~~~~~~~~~~~~~~~
~~~~~~~~~~~~~~~~~~~~~
~~~~~~~~~~~~~~~~~~~~~
~~~~~~~~
    + CategoryInfo   
           : NotSpe  
  cified: ([1m[3   
 1m[31mX...r-com    
piler][0m:Strin    
g) [], RemoteExc    
eption
    + FullyQualified 
   ErrorId : Native  
  CommandError
 

    src/app/features/
game-room/game-room.c
omponent.html:190:0:
[37m      190 Γöé 
[32m</div>[37m
          Γò╡ 
[32m~~~~~~[0m

  Error occurs in 
the template of 
component 
GameRoomComponent.

    src/app/features/
game-room/game-room.c
omponent.ts:42:15:
[37m      42 Γöé   
templateUrl: [32m'./
game-room.component.h
tml'[37m,
         Γò╡         
       [32m~~~~~~~~~
~~~~~~~~~~~~~~~~~~~[
0m

[39m[22m
