
> frontend@0.1.0 test
> ng test --watch=false --browsers=ChromeHeadless

node.exe : - Generating browser application bundles (phase: setup)...
At line:1 char:1
+ & "C:\Program Files\nodejs/node.exe" "C:\Program Files\nodejs/node_mo ...
+ ~~~~~~~~~~~~~~~~~~~~~~~~~~~~~~~~~~~~~~~~~~~~~~~~~~~~~~~~~~~~~~~~~~~~~
    + CategoryInfo          : NotSpecified: (- Generating br...hase: setup)... 
   :String) [], RemoteException
    + FullyQualifiedErrorId : NativeCommandError
 
Γ£ö Browser application bundle generation complete.
[32m24 12 2025 20:50:06.147:INFO [karma-server]: [39mKarma v6.4.4 server started at http://localhost:9877/
[32m24 12 2025 20:50:06.148:INFO [launcher]: [39mLaunching browsers ChromeHeadless with concurrency unlimited
[32m24 12 2025 20:50:06.152:INFO [launcher]: [39mStarting browser ChromeHeadless
[32m24 12 2025 20:50:07.380:INFO [Chrome Headless 143.0.0.0 (Windows 10)]: [39mConnected on socket 7UMgm2u7mkfzp_XoAAAB with id 78484524
Chrome Headless 143.0.0.0 (Windows 10): Executed 0 of 57[32m SUCCESS[39m (0 secs / 0 secs)
[1A[2KChrome Headless 143.0.0.0 (Windows 10): Executed 1 of 57[32m SUCCESS[39m (0 secs / 0.1 secs)
[1A[2KChrome Headless 143.0.0.0 (Windows 10): Executed 2 of 57[32m SUCCESS[39m (0 secs / 0.105 secs)
[33m24 12 2025 20:50:08.695:WARN [web-server]: [39m404: /_karma_webpack_/assets/logo.png
[1A[2KChrome Headless 143.0.0.0 (Windows 10): Executed 3 of 57[32m SUCCESS[39m (0 secs / 0.134 secs)
[1A[2KChrome Headless 143.0.0.0 (Windows 10): Executed 4 of 57[32m SUCCESS[39m (0 secs / 0.155 secs)
[33m24 12 2025 20:50:08.746:WARN [web-server]: [39m404: /_karma_webpack_/assets/logo.png
[1A[2K[31mChrome Headless 143.0.0.0 (Windows 10) GameRoomComponent should identify host correctly FAILED[39m
	TypeError: this.authService.getGuestName is not a function
	    at GameRoomComponent.call [as ngOnInit] (src/app/features/game-room/game-room.component.ts:106:40)
	    at callHookInternal (node_modules/@angular/core/fesm2022/core.mjs:5154:14)
	    at callHook (node_modules/@angular/core/fesm2022/core.mjs:5181:13)
	    at callHooks (node_modules/@angular/core/fesm2022/core.mjs:5135:17)
	    at executeInitAndCheckHooks (node_modules/@angular/core/fesm2022/core.mjs:5085:9)
	    at refreshView (node_modules/@angular/core/fesm2022/core.mjs:13792:21)
	    at detectChangesInView (node_modules/@angular/core/fesm2022/core.mjs:13993:9)
	    at detectChangesInViewWhileDirty (node_modules/@angular/core/fesm2022/core.mjs:13688:9)
	    at detectChangesInternal (node_modules/@angular/core/fesm2022/core.mjs:13667:9)
	    at ViewRef$1.detectChanges (node_modules/@angular/core/fesm2022/core.mjs:14297:9)
Chrome Headless 143.0.0.0 (Windows 10): Executed 5 of 57[31m (1 FAILED)[39m (0 secs / 0.271 secs)
[1A[2K[31mChrome Headless 143.0.0.0 (Windows 10) GameRoomComponent should initialize and join room FAILED[39m
	TypeError: this.authService.getGuestName is not a function
	    at GameRoomComponent.call [as ngOnInit] (src/app/features/game-room/game-room.component.ts:106:40)
	    at callHookInternal (node_modules/@angular/core/fesm2022/core.mjs:5154:14)
	    at callHook (node_modules/@angular/core/fesm2022/core.mjs:5181:13)
	    at callHooks (node_modules/@angular/core/fesm2022/core.mjs:5135:17)
	    at executeInitAndCheckHooks (node_modules/@angular/core/fesm2022/core.mjs:5085:9)
	    at refreshView (node_modules/@angular/core/fesm2022/core.mjs:13792:21)
	    at detectChangesInView (node_modules/@angular/core/fesm2022/core.mjs:13993:9)
	    at detectChangesInViewWhileDirty (node_modules/@angular/core/fesm2022/core.mjs:13688:9)
	    at detectChangesInternal (node_modules/@angular/core/fesm2022/core.mjs:13667:9)
	    at ViewRef$1.detectChanges (node_modules/@angular/core/fesm2022/core.mjs:14297:9)
Chrome Headless 143.0.0.0 (Windows 10): Executed 6 of 57[31m (2 FAILED)[39m (0 secs / 0.296 secs)
[1A[2K[31mChrome Headless 143.0.0.0 (Windows 10) GameRoomComponent should create FAILED[39m
	TypeError: this.authService.getGuestName is not a function
	    at GameRoomComponent.call [as ngOnInit] (src/app/features/game-room/game-room.component.ts:106:40)
	    at callHookInternal (node_modules/@angular/core/fesm2022/core.mjs:5154:14)
	    at callHook (node_modules/@angular/core/fesm2022/core.mjs:5181:13)
	    at callHooks (node_modules/@angular/core/fesm2022/core.mjs:5135:17)
	    at executeInitAndCheckHooks (node_modules/@angular/core/fesm2022/core.mjs:5085:9)
	    at refreshView (node_modules/@angular/core/fesm2022/core.mjs:13792:21)
	    at detectChangesInView (node_modules/@angular/core/fesm2022/core.mjs:13993:9)
	    at detectChangesInViewWhileDirty (node_modules/@angular/core/fesm2022/core.mjs:13688:9)
	    at detectChangesInternal (node_modules/@angular/core/fesm2022/core.mjs:13667:9)
	    at ViewRef$1.detectChanges (node_modules/@angular/core/fesm2022/core.mjs:14297:9)
Chrome Headless 143.0.0.0 (Windows 10): Executed 7 of 57[31m (3 FAILED)[39m (0 secs / 0.316 secs)
[1A[2K[31mChrome Headless 143.0.0.0 (Windows 10) GameRoomComponent startGame should call service FAILED[39m
	TypeError: this.authService.getGuestName is not a function
	    at GameRoomComponent.call [as ngOnInit] (src/app/features/game-room/game-room.component.ts:106:40)
	    at callHookInternal (node_modules/@angular/core/fesm2022/core.mjs:5154:14)
	    at callHook (node_modules/@angular/core/fesm2022/core.mjs:5181:13)
	    at callHooks (node_modules/@angular/core/fesm2022/core.mjs:5135:17)
	    at executeInitAndCheckHooks (node_modules/@angular/core/fesm2022/core.mjs:5085:9)
	    at refreshView (node_modules/@angular/core/fesm2022/core.mjs:13792:21)
	    at detectChangesInView (node_modules/@angular/core/fesm2022/core.mjs:13993:9)
	    at detectChangesInViewWhileDirty (node_modules/@angular/core/fesm2022/core.mjs:13688:9)
	    at detectChangesInternal (node_modules/@angular/core/fesm2022/core.mjs:13667:9)
	    at ViewRef$1.detectChanges (node_modules/@angular/core/fesm2022/core.mjs:14297:9)
Chrome Headless 143.0.0.0 (Windows 10): Executed 8 of 57[31m (4 FAILED)[39m (0 secs / 0.337 secs)
[1A[2K[31mChrome Headless 143.0.0.0 (Windows 10) AppComponent should create the app FAILED[39m
	Error: NG0304: 'app-toast' is not a known element (used in the 'AppComponent' component template):
	1. If 'app-toast' is an Angular component, then verify that it is included in the '@Component.imports' of this component.
	2. If 'app-toast' is a Web Component then add 'CUSTOM_ELEMENTS_SCHEMA' to the '@Component.schemas' of this component to suppress this message.
	error properties: Object({ code: 304 })
	    at validateElementIsKnown (node_modules/@angular/core/fesm2022/core.mjs:10533:23)
	    at ╔╡╔╡elementStart (node_modules/@angular/core/fesm2022/core.mjs:24343:9)
	    at ╔╡╔╡element (node_modules/@angular/core/fesm2022/core.mjs:24418:5)
	    at templateFn (ng:///AppComponent.js:8:43)
	    at executeTemplate (node_modules/@angular/core/fesm2022/core.mjs:12159:9)
	    at renderView (node_modules/@angular/core/fesm2022/core.mjs:13366:13)
	    at renderComponent (node_modules/@angular/core/fesm2022/core.mjs:13312:5)
	    at renderChildComponents (node_modules/@angular/core/fesm2022/core.mjs:13414:9)
	    at renderView (node_modules/@angular/core/fesm2022/core.mjs:13394:13)
	    at ComponentFactory.create (node_modules/@angular/core/fesm2022/core.mjs:16768:17)
Chrome Headless 143.0.0.0 (Windows 10): Executed 9 of 57[31m (5 FAILED)[39m (0 secs / 0.347 secs)
[1A[2KChrome Headless 143.0.0.0 (Windows 10): Executed 10 of 57[31m (5 FAILED)[39m (0 secs / 0.351 secs)
[1A[2KChrome Headless 143.0.0.0 (Windows 10): Executed 11 of 57[31m (5 FAILED)[39m (0 secs / 0.353 secs)
[1A[2KChrome Headless 143.0.0.0 (Windows 10): Executed 12 of 57[31m (5 FAILED)[39m (0 secs / 0.355 secs)
[1A[2KChrome Headless 143.0.0.0 (Windows 10): Executed 13 of 57[31m (5 FAILED)[39m (0 secs / 0.359 secs)
[1A[2KChrome Headless 143.0.0.0 (Windows 10): Executed 14 of 57[31m (5 FAILED)[39m (0 secs / 0.361 secs)
[1A[2KChrome Headless 143.0.0.0 (Windows 10): Executed 15 of 57[31m (5 FAILED)[39m (0 secs / 0.369 secs)
[1A[2KChrome Headless 143.0.0.0 (Windows 10): Executed 16 of 57[31m (5 FAILED)[39m (0 secs / 0.374 secs)
[1A[2KChrome Headless 143.0.0.0 (Windows 10): Executed 17 of 57[31m (5 FAILED)[39m (0 secs / 0.376 secs)
[1A[2KChrome Headless 143.0.0.0 (Windows 10): Executed 18 of 57[31m (5 FAILED)[39m (0 secs / 0.378 secs)
[1A[2KChrome Headless 143.0.0.0 (Windows 10): Executed 19 of 57[31m (5 FAILED)[39m (0 secs / 0.381 secs)
[1A[2KChrome Headless 143.0.0.0 (Windows 10): Executed 20 of 57[31m (5 FAILED)[39m (0 secs / 0.383 secs)
[1A[2KChrome Headless 143.0.0.0 (Windows 10): Executed 21 of 57[31m (5 FAILED)[39m (0 secs / 0.388 secs)
[1A[2KChrome Headless 143.0.0.0 (Windows 10): Executed 22 of 57[31m (5 FAILED)[39m (0 secs / 0.392 secs)
[1A[2KChrome Headless 143.0.0.0 (Windows 10): Executed 23 of 57[31m (5 FAILED)[39m (0 secs / 0.393 secs)
[1A[2KChrome Headless 143.0.0.0 (Windows 10): Executed 24 of 57[31m (5 FAILED)[39m (0 secs / 0.394 secs)
[1A[2KChrome Headless 143.0.0.0 (Windows 10): Executed 25 of 57[31m (5 FAILED)[39m (0 secs / 0.398 secs)
[1A[2KChrome Headless 143.0.0.0 (Windows 10): Executed 26 of 57[31m (5 FAILED)[39m (0 secs / 0.399 secs)
[1A[2KChrome Headless 143.0.0.0 (Windows 10): Executed 27 of 57[31m (5 FAILED)[39m (0 secs / 0.4 secs)
[1A[2KLOG: [36m'SignalR Connection started'[39m
Chrome Headless 143.0.0.0 (Windows 10): Executed 27 of 57[31m (5 FAILED)[39m (0 secs / 0.4 secs)
LOG: 'SignalR Connection started'
[1A[2KERROR: [36m'Failed to join room'[39m
Chrome Headless 143.0.0.0 (Windows 10): Executed 27 of 57[31m (5 FAILED)[39m (0 secs / 0.4 secs)
ERROR: 'Failed to join room'
[1A[2KChrome Headless 143.0.0.0 (Windows 10): Executed 28 of 57[31m (5 FAILED)[39m (0 secs / 0.403 secs)
[1A[2K[31mChrome Headless 143.0.0.0 (Windows 10) SignalRService Room Interactions createRoom should invoke CreateRoom and update currentRoomSubject FAILED[39m
	Expected spy HubConnection.invoke to have been called with:
	  [ 'CreateRoom', 'Host', true, 'Scatterbrain' ]
	but actual calls were:
	  [ 'CreateRoom', 'Host', true, 'None', 'guest-uuid' ].
	
	Call 0:
	  Expected $.length = 5 to equal 4.
	  Expected $[3] = 'None' to equal 'Scatterbrain'.
	  Unexpected $[4] = 'guest-uuid' in array.
	Error: Expected spy HubConnection.invoke to have been called with:
	  [ 'CreateRoom', 'Host', true, 'Scatterbrain' ]
	but actual calls were:
	  [ 'CreateRoom', 'Host', true, 'None', 'guest-uuid' ].
	Call 0:
	  Expected $.length = 5 to equal 4.
	  Expected $[3] = 'None' to equal 'Scatterbrain'.
	  Unexpected $[4] = 'guest-uuid' in array.
	    at <Jasmine>
	    at UserContext.<anonymous> (src/app/services/signalr.service.spec.ts:97:40)
	    at Generator.next (<anonymous>)
	    at asyncGeneratorStep (node_modules/@babel/runtime/helpers/esm/asyncToGenerator.js:3:1)
	    at _next (node_modules/@babel/runtime/helpers/esm/asyncToGenerator.js:17:1)
	Expected 'None' to be 'Scatterbrain'.
	    at <Jasmine>
	    at UserContext.<anonymous> (src/app/services/signalr.service.spec.ts:100:58)
	    at Generator.next (<anonymous>)
	    at asyncGeneratorStep (node_modules/@babel/runtime/helpers/esm/asyncToGenerator.js:3:1)
	    at _next (node_modules/@babel/runtime/helpers/esm/asyncToGenerator.js:17:1)
Chrome Headless 143.0.0.0 (Windows 10): Executed 29 of 57[31m (6 FAILED)[39m (0 secs / 0.407 secs)
[1A[2KLOG: [36m'SignalR Connection started'[39m
Chrome Headless 143.0.0.0 (Windows 10): Executed 29 of 57[31m (6 FAILED)[39m (0 secs / 0.407 secs)
LOG: 'SignalR Connection started'
[1A[2K[31mChrome Headless 143.0.0.0 (Windows 10) SignalRService Room Interactions joinRoom should invoke JoinRoom and update currentRoomSubject on success FAILED[39m
	Expected spy HubConnection.invoke to have been called with:
	  [ 'JoinRoom', 'ABCD', 'Player' ]
	but actual calls were:
	  [ 'JoinRoom', 'ABCD', 'Player', 'guest-uuid' ].
	
	Call 0:
	  Expected $.length = 4 to equal 3.
	  Unexpected $[3] = 'guest-uuid' in array.
	Error: Expected spy HubConnection.invoke to have been called with:
	  [ 'JoinRoom', 'ABCD', 'Player' ]
	but actual calls were:
	  [ 'JoinRoom', 'ABCD', 'Player', 'guest-uuid' ].
	Call 0:
	  Expected $.length = 4 to equal 3.
	  Unexpected $[3] = 'guest-uuid' in array.
	    at <Jasmine>
	    at UserContext.<anonymous> (src/app/services/signalr.service.spec.ts:108:40)
	    at Generator.next (<anonymous>)
	    at asyncGeneratorStep (node_modules/@babel/runtime/helpers/esm/asyncToGenerator.js:3:1)
	    at _next (node_modules/@babel/runtime/helpers/esm/asyncToGenerator.js:17:1)
	Expected undefined to be 'ABCD'.
	    at <Jasmine>
	    at UserContext.<anonymous> (src/app/services/signalr.service.spec.ts:110:54)
	    at Generator.next (<anonymous>)
	    at asyncGeneratorStep (node_modules/@babel/runtime/helpers/esm/asyncToGenerator.js:3:1)
	    at _next (node_modules/@babel/runtime/helpers/esm/asyncToGenerator.js:17:1)
Chrome Headless 143.0.0.0 (Windows 10): Executed 30 of 57[31m (7 FAILED)[39m (0 secs / 0.411 secs)
[1A[2KChrome Headless 143.0.0.0 (Windows 10): Executed 31 of 57[31m (7 FAILED)[39m (0 secs / 0.412 secs)
[1A[2KChrome Headless 143.0.0.0 (Windows 10): Executed 32 of 57[31m (7 FAILED)[39m (0 secs / 0.412 secs)
[1A[2KChrome Headless 143.0.0.0 (Windows 10): Executed 33 of 57[31m (7 FAILED)[39m (0 secs / 0.412 secs)
[1A[2KChrome Headless 143.0.0.0 (Windows 10): Executed 34 of 57[31m (7 FAILED)[39m (0 secs / 0.413 secs)
[1A[2KChrome Headless 143.0.0.0 (Windows 10): Executed 35 of 57[31m (7 FAILED)[39m (0 secs / 0.414 secs)
[1A[2KChrome Headless 143.0.0.0 (Windows 10): Executed 36 of 57[31m (7 FAILED)[39m (0 secs / 0.415 secs)
[1A[2KChrome Headless 143.0.0.0 (Windows 10): Executed 37 of 57[31m (7 FAILED)[39m (0 secs / 0.416 secs)
[1A[2KChrome Headless 143.0.0.0 (Windows 10): Executed 38 of 57[31m (7 FAILED)[39m (0 secs / 0.417 secs)
[1A[2KChrome Headless 143.0.0.0 (Windows 10): Executed 39 of 57[31m (7 FAILED)[39m (0 secs / 0.418 secs)
[1A[2KLOG: [36m'SignalR Connection started'[39m
Chrome Headless 143.0.0.0 (Windows 10): Executed 39 of 57[31m (7 FAILED)[39m (0 secs / 0.418 secs)
LOG: 'SignalR Connection started'
[1A[2KChrome Headless 143.0.0.0 (Windows 10): Executed 40 of 57[31m (7 FAILED)[39m (0 secs / 0.418 secs)
[1A[2KERROR: [36m'Error while starting connection: Error: Network Error'[39m
Chrome Headless 143.0.0.0 (Windows 10): Executed 40 of 57[31m (7 FAILED)[39m (0 secs / 0.418 secs)
ERROR: 'Error while starting connection: Error: Network Error'
[1A[2K[31mChrome Headless 143.0.0.0 (Windows 10) SignalRService startConnection should update status to Error if start fails FAILED[39m
	Error: Network Error
	    at UserContext.<anonymous> (src/app/services/signalr.service.spec.ts:85:62)
	    at Generator.next (<anonymous>)
	    at asyncGeneratorStep (node_modules/@babel/runtime/helpers/esm/asyncToGenerator.js:3:1)
	    at _next (node_modules/@babel/runtime/helpers/esm/asyncToGenerator.js:17:1)
	    at executor (node_modules/@babel/runtime/helpers/esm/asyncToGenerator.js:22:1)
	    at new ZoneAwarePromise (node_modules/zone.js/fesm2015/zone.js:2702:25)
	    at UserContext.apply (node_modules/@babel/runtime/helpers/esm/asyncToGenerator.js:14:1)
	    at _ZoneDelegate.invoke (node_modules/zone.js/fesm2015/zone.js:369:28)
	    at ProxyZoneSpec.onInvoke (node_modules/zone.js/fesm2015/zone-testing.js:2081:39)
	    at _ZoneDelegate.invoke (node_modules/zone.js/fesm2015/zone.js:368:34)
Chrome Headless 143.0.0.0 (Windows 10): Executed 41 of 57[31m (8 FAILED)[39m (0 secs / 0.42 secs)
[1A[2KChrome Headless 143.0.0.0 (Windows 10): Executed 42 of 57[31m (8 FAILED)[39m (0 secs / 0.42 secs)
[1A[2KChrome Headless 143.0.0.0 (Windows 10): Executed 43 of 57[31m (8 FAILED)[39m (0 secs / 0.426 secs)
[1A[2KChrome Headless 143.0.0.0 (Windows 10): Executed 44 of 57[31m (8 FAILED)[39m (0 secs / 0.429 secs)
[1A[2KINFO: [36m'[2025-12-25T03:50:09.053Z] Information: Normalizing '/socialhub' to 'http://localhost:9877/socialhub'.'[39m
Chrome Headless 143.0.0.0 (Windows 10): Executed 44 of 57[31m (8 FAILED)[39m (0 secs / 0.429 secs)
INFO: '[2025-12-25T03:50:09.053Z] Information: Normalizing '/socialhub' to 'http://localhost:9877/socialhub'.'
[1A[2KChrome Headless 143.0.0.0 (Windows 10): Executed 45 of 57[31m (8 FAILED)[39m (0 secs / 0.436 secs)
[1A[2K[31mChrome Headless 143.0.0.0 (Windows 10) AuthComponent should handle login error FAILED[39m
	TypeError: Cannot read properties of undefined (reading 'root')
	    at Object.useFactory (node_modules/@angular/router/fesm2022/router.mjs:6590:31)
	    at Object.factory (node_modules/@angular/core/fesm2022/core.mjs:3340:38)
	    at callback (node_modules/@angular/core/fesm2022/core.mjs:3237:47)
	    at runInInjectorProfilerContext (node_modules/@angular/core/fesm2022/core.mjs:872:9)
	    at R3Injector.hydrate (node_modules/@angular/core/fesm2022/core.mjs:3236:21)
	    at R3Injector.get (node_modules/@angular/core/fesm2022/core.mjs:3099:33)
	    at R3Injector.get (node_modules/@angular/core/fesm2022/core.mjs:3109:33)
	    at ChainedInjector.get (node_modules/@angular/core/fesm2022/core.mjs:5454:36)
	    at lookupTokenUsingModuleInjector (node_modules/@angular/core/fesm2022/core.mjs:5807:39)
	    at getOrCreateInjectable (node_modules/@angular/core/fesm2022/core.mjs:5855:12)
Chrome Headless 143.0.0.0 (Windows 10): Executed 46 of 57[31m (9 FAILED)[39m (0 secs / 0.45 secs)
[1A[2K[31mChrome Headless 143.0.0.0 (Windows 10) AuthComponent should call login on valid submit and redirect FAILED[39m
	TypeError: Cannot read properties of undefined (reading 'root')
	    at Object.useFactory (node_modules/@angular/router/fesm2022/router.mjs:6590:31)
	    at Object.factory (node_modules/@angular/core/fesm2022/core.mjs:3340:38)
	    at callback (node_modules/@angular/core/fesm2022/core.mjs:3237:47)
	    at runInInjectorProfilerContext (node_modules/@angular/core/fesm2022/core.mjs:872:9)
	    at R3Injector.hydrate (node_modules/@angular/core/fesm2022/core.mjs:3236:21)
	    at R3Injector.get (node_modules/@angular/core/fesm2022/core.mjs:3099:33)
	    at R3Injector.get (node_modules/@angular/core/fesm2022/core.mjs:3109:33)
	    at ChainedInjector.get (node_modules/@angular/core/fesm2022/core.mjs:5454:36)
	    at lookupTokenUsingModuleInjector (node_modules/@angular/core/fesm2022/core.mjs:5807:39)
	    at getOrCreateInjectable (node_modules/@angular/core/fesm2022/core.mjs:5855:12)
Chrome Headless 143.0.0.0 (Windows 10): Executed 47 of 57[31m (10 FAILED)[39m (0 secs / 0.454 secs)
[1A[2K[31mChrome Headless 143.0.0.0 (Windows 10) AuthComponent should show error if form is invalid on submit FAILED[39m
	TypeError: Cannot read properties of undefined (reading 'root')
	    at Object.useFactory (node_modules/@angular/router/fesm2022/router.mjs:6590:31)
	    at Object.factory (node_modules/@angular/core/fesm2022/core.mjs:3340:38)
	    at callback (node_modules/@angular/core/fesm2022/core.mjs:3237:47)
	    at runInInjectorProfilerContext (node_modules/@angular/core/fesm2022/core.mjs:872:9)
	    at R3Injector.hydrate (node_modules/@angular/core/fesm2022/core.mjs:3236:21)
	    at R3Injector.get (node_modules/@angular/core/fesm2022/core.mjs:3099:33)
	    at R3Injector.get (node_modules/@angular/core/fesm2022/core.mjs:3109:33)
	    at ChainedInjector.get (node_modules/@angular/core/fesm2022/core.mjs:5454:36)
	    at lookupTokenUsingModuleInjector (node_modules/@angular/core/fesm2022/core.mjs:5807:39)
	    at getOrCreateInjectable (node_modules/@angular/core/fesm2022/core.mjs:5855:12)
Chrome Headless 143.0.0.0 (Windows 10): Executed 48 of 57[31m (11 FAILED)[39m (0 secs / 0.457 secs)
[1A[2K[31mChrome Headless 143.0.0.0 (Windows 10) AuthComponent should redirect if already authenticated FAILED[39m
	TypeError: Cannot read properties of undefined (reading 'root')
	    at Object.useFactory (node_modules/@angular/router/fesm2022/router.mjs:6590:31)
	    at Object.factory (node_modules/@angular/core/fesm2022/core.mjs:3340:38)
	    at callback (node_modules/@angular/core/fesm2022/core.mjs:3237:47)
	    at runInInjectorProfilerContext (node_modules/@angular/core/fesm2022/core.mjs:872:9)
	    at R3Injector.hydrate (node_modules/@angular/core/fesm2022/core.mjs:3236:21)
	    at R3Injector.get (node_modules/@angular/core/fesm2022/core.mjs:3099:33)
	    at R3Injector.get (node_modules/@angular/core/fesm2022/core.mjs:3109:33)
	    at ChainedInjector.get (node_modules/@angular/core/fesm2022/core.mjs:5454:36)
	    at lookupTokenUsingModuleInjector (node_modules/@angular/core/fesm2022/core.mjs:5807:39)
	    at getOrCreateInjectable (node_modules/@angular/core/fesm2022/core.mjs:5855:12)
Chrome Headless 143.0.0.0 (Windows 10): Executed 49 of 57[31m (12 FAILED)[39m (0 secs / 0.461 secs)
[1A[2K[31mChrome Headless 143.0.0.0 (Windows 10) AuthComponent should create FAILED[39m
	TypeError: Cannot read properties of undefined (reading 'root')
	    at Object.useFactory (node_modules/@angular/router/fesm2022/router.mjs:6590:31)
	    at Object.factory (node_modules/@angular/core/fesm2022/core.mjs:3340:38)
	    at callback (node_modules/@angular/core/fesm2022/core.mjs:3237:47)
	    at runInInjectorProfilerContext (node_modules/@angular/core/fesm2022/core.mjs:872:9)
	    at R3Injector.hydrate (node_modules/@angular/core/fesm2022/core.mjs:3236:21)
	    at R3Injector.get (node_modules/@angular/core/fesm2022/core.mjs:3099:33)
	    at R3Injector.get (node_modules/@angular/core/fesm2022/core.mjs:3109:33)
	    at ChainedInjector.get (node_modules/@angular/core/fesm2022/core.mjs:5454:36)
	    at lookupTokenUsingModuleInjector (node_modules/@angular/core/fesm2022/core.mjs:5807:39)
	    at getOrCreateInjectable (node_modules/@angular/core/fesm2022/core.mjs:5855:12)
Chrome Headless 143.0.0.0 (Windows 10): Executed 50 of 57[31m (13 FAILED)[39m (0 secs / 0.465 secs)
[1A[2KChrome Headless 143.0.0.0 (Windows 10): Executed 51 of 57[31m (13 FAILED)[39m (0 secs / 0.481 secs)
[1A[2KChrome Headless 143.0.0.0 (Windows 10): Executed 52 of 57[31m (13 FAILED)[39m (0 secs / 0.486 secs)
[1A[2KChrome Headless 143.0.0.0 (Windows 10): Executed 53 of 57[31m (13 FAILED)[39m (0 secs / 0.492 secs)
[1A[2KChrome Headless 143.0.0.0 (Windows 10): Executed 54 of 57[31m (13 FAILED)[39m (0 secs / 0.498 secs)
[1A[2KChrome Headless 143.0.0.0 (Windows 10): Executed 55 of 57[31m (13 FAILED)[39m (0 secs / 0.504 secs)
[1A[2KChrome Headless 143.0.0.0 (Windows 10): Executed 56 of 57[31m (13 FAILED)[39m (0 secs / 0.508 secs)
[1A[2KChrome Headless 143.0.0.0 (Windows 10): Executed 57 of 57[31m (13 FAILED)[39m (0 secs / 0.513 secs)
[1A[2KChrome Headless 143.0.0.0 (Windows 10): Executed 57 of 57[31m (13 FAILED)[39m (0.568 secs / 0.513 secs)
[31mTOTAL: 13 FAILED, 44 SUCCESS[39m
Γ£ö Browser application bundle generation complete.
Γ£ö Browser application bundle generation complete.
