src/app/features/games/games.component.spec.ts(69,22): error TS2345: Argument of type 'string' is not assignable to parameter of type 'never'.
src/app/features/games/games.component.spec.ts(69,55): error TS2345: Argument of type 'string' is not assignable to parameter of type 'never'.
