  Determining projects to restore...
  All projects are up-to-date for restore.
C:\Program Files\dotnet\sdk\9.0.305\Microsoft.Common.CurrentVersion.targets(5394,5): warning MSB3026: Could not copy "C:\Programming\board game hub\backend\BoardGameHub.Api\obj\Debug\net8.0\apphost.exe" to "bin\Debug\net8.0\BoardGameHub.Api.exe". Beginning retry 1 in 1000ms. The process cannot access the file 'C:\Programming\board game hub\backend\BoardGameHub.Api\bin\Debug\net8.0\BoardGameHub.Api.exe' because it is being used by another process. The file is locked by: "BoardGameHub.Api (19148)" [C:\Programming\board game hub\backend\BoardGameHub.Api\BoardGameHub.Api.csproj]
C:\Program Files\dotnet\sdk\9.0.305\Microsoft.Common.CurrentVersion.targets(5394,5): warning MSB3026: Could not copy "C:\Programming\board game hub\backend\BoardGameHub.Api\obj\Debug\net8.0\apphost.exe" to "bin\Debug\net8.0\BoardGameHub.Api.exe". Beginning retry 2 in 1000ms. The process cannot access the file 'C:\Programming\board game hub\backend\BoardGameHub.Api\bin\Debug\net8.0\BoardGameHub.Api.exe' because it is being used by another process. The file is locked by: "BoardGameHub.Api (19148)" [C:\Programming\board game hub\backend\BoardGameHub.Api\BoardGameHub.Api.csproj]
C:\Program Files\dotnet\sdk\9.0.305\Microsoft.Common.CurrentVersion.targets(5394,5): warning MSB3026: Could not copy "C:\Programming\board game hub\backend\BoardGameHub.Api\obj\Debug\net8.0\apphost.exe" to "bin\Debug\net8.0\BoardGameHub.Api.exe". Beginning retry 3 in 1000ms. The process cannot access the file 'C:\Programming\board game hub\backend\BoardGameHub.Api\bin\Debug\net8.0\BoardGameHub.Api.exe' because it is being used by another process. The file is locked by: "BoardGameHub.Api (19148)" [C:\Programming\board game hub\backend\BoardGameHub.Api\BoardGameHub.Api.csproj]
C:\Program Files\dotnet\sdk\9.0.305\Microsoft.Common.CurrentVersion.targets(5394,5): warning MSB3026: Could not copy "C:\Programming\board game hub\backend\BoardGameHub.Api\obj\Debug\net8.0\apphost.exe" to "bin\Debug\net8.0\BoardGameHub.Api.exe". Beginning retry 4 in 1000ms. The process cannot access the file 'C:\Programming\board game hub\backend\BoardGameHub.Api\bin\Debug\net8.0\BoardGameHub.Api.exe' because it is being used by another process. The file is locked by: "BoardGameHub.Api (19148)" [C:\Programming\board game hub\backend\BoardGameHub.Api\BoardGameHub.Api.csproj]
C:\Program Files\dotnet\sdk\9.0.305\Microsoft.Common.CurrentVersion.targets(5394,5): warning MSB3026: Could not copy "C:\Programming\board game hub\backend\BoardGameHub.Api\obj\Debug\net8.0\apphost.exe" to "bin\Debug\net8.0\BoardGameHub.Api.exe". Beginning retry 5 in 1000ms. The process cannot access the file 'C:\Programming\board game hub\backend\BoardGameHub.Api\bin\Debug\net8.0\BoardGameHub.Api.exe' because it is being used by another process. The file is locked by: "BoardGameHub.Api (19148)" [C:\Programming\board game hub\backend\BoardGameHub.Api\BoardGameHub.Api.csproj]
C:\Program Files\dotnet\sdk\9.0.305\Microsoft.Common.CurrentVersion.targets(5394,5): warning MSB3026: Could not copy "C:\Programming\board game hub\backend\BoardGameHub.Api\obj\Debug\net8.0\apphost.exe" to "bin\Debug\net8.0\BoardGameHub.Api.exe". Beginning retry 6 in 1000ms. The process cannot access the file 'C:\Programming\board game hub\backend\BoardGameHub.Api\bin\Debug\net8.0\BoardGameHub.Api.exe' because it is being used by another process. The file is locked by: "BoardGameHub.Api (19148)" [C:\Programming\board game hub\backend\BoardGameHub.Api\BoardGameHub.Api.csproj]
C:\Program Files\dotnet\sdk\9.0.305\Microsoft.Common.CurrentVersion.targets(5394,5): warning MSB3026: Could not copy "C:\Programming\board game hub\backend\BoardGameHub.Api\obj\Debug\net8.0\apphost.exe" to "bin\Debug\net8.0\BoardGameHub.Api.exe". Beginning retry 7 in 1000ms. The process cannot access the file 'C:\Programming\board game hub\backend\BoardGameHub.Api\bin\Debug\net8.0\BoardGameHub.Api.exe' because it is being used by another process. The file is locked by: "BoardGameHub.Api (19148)" [C:\Programming\board game hub\backend\BoardGameHub.Api\BoardGameHub.Api.csproj]
C:\Program Files\dotnet\sdk\9.0.305\Microsoft.Common.CurrentVersion.targets(5394,5): warning MSB3026: Could not copy "C:\Programming\board game hub\backend\BoardGameHub.Api\obj\Debug\net8.0\apphost.exe" to "bin\Debug\net8.0\BoardGameHub.Api.exe". Beginning retry 8 in 1000ms. The process cannot access the file 'C:\Programming\board game hub\backend\BoardGameHub.Api\bin\Debug\net8.0\BoardGameHub.Api.exe' because it is being used by another process. The file is locked by: "BoardGameHub.Api (19148)" [C:\Programming\board game hub\backend\BoardGameHub.Api\BoardGameHub.Api.csproj]
C:\Program Files\dotnet\sdk\9.0.305\Microsoft.Common.CurrentVersion.targets(5394,5): warning MSB3026: Could not copy "C:\Programming\board game hub\backend\BoardGameHub.Api\obj\Debug\net8.0\apphost.exe" to "bin\Debug\net8.0\BoardGameHub.Api.exe". Beginning retry 9 in 1000ms. The process cannot access the file 'C:\Programming\board game hub\backend\BoardGameHub.Api\bin\Debug\net8.0\BoardGameHub.Api.exe' because it is being used by another process. The file is locked by: "BoardGameHub.Api (19148)" [C:\Programming\board game hub\backend\BoardGameHub.Api\BoardGameHub.Api.csproj]
C:\Program Files\dotnet\sdk\9.0.305\Microsoft.Common.CurrentVersion.targets(5394,5): warning MSB3026: Could not copy "C:\Programming\board game hub\backend\BoardGameHub.Api\obj\Debug\net8.0\apphost.exe" to "bin\Debug\net8.0\BoardGameHub.Api.exe". Beginning retry 10 in 1000ms. The process cannot access the file 'C:\Programming\board game hub\backend\BoardGameHub.Api\bin\Debug\net8.0\BoardGameHub.Api.exe' because it is being used by another process. The file is locked by: "BoardGameHub.Api (19148)" [C:\Programming\board game hub\backend\BoardGameHub.Api\BoardGameHub.Api.csproj]
C:\Program Files\dotnet\sdk\9.0.305\Microsoft.Common.CurrentVersion.targets(5394,5): error MSB3027: Could not copy "C:\Programming\board game hub\backend\BoardGameHub.Api\obj\Debug\net8.0\apphost.exe" to "bin\Debug\net8.0\BoardGameHub.Api.exe". Exceeded retry count of 10. Failed. The file is locked by: "BoardGameHub.Api (19148)" [C:\Programming\board game hub\backend\BoardGameHub.Api\BoardGameHub.Api.csproj]
C:\Program Files\dotnet\sdk\9.0.305\Microsoft.Common.CurrentVersion.targets(5394,5): error MSB3021: Unable to copy file "C:\Programming\board game hub\backend\BoardGameHub.Api\obj\Debug\net8.0\apphost.exe" to "bin\Debug\net8.0\BoardGameHub.Api.exe". The process cannot access the file 'C:\Programming\board game hub\backend\BoardGameHub.Api\bin\Debug\net8.0\BoardGameHub.Api.exe' because it is being used by another process. [C:\Programming\board game hub\backend\BoardGameHub.Api\BoardGameHub.Api.csproj]

Build FAILED.

C:\Program Files\dotnet\sdk\9.0.305\Microsoft.Common.CurrentVersion.targets(5394,5): warning MSB3026: Could not copy "C:\Programming\board game hub\backend\BoardGameHub.Api\obj\Debug\net8.0\apphost.exe" to "bin\Debug\net8.0\BoardGameHub.Api.exe". Beginning retry 1 in 1000ms. The process cannot access the file 'C:\Programming\board game hub\backend\BoardGameHub.Api\bin\Debug\net8.0\BoardGameHub.Api.exe' because it is being used by another process. The file is locked by: "BoardGameHub.Api (19148)" [C:\Programming\board game hub\backend\BoardGameHub.Api\BoardGameHub.Api.csproj]
C:\Program Files\dotnet\sdk\9.0.305\Microsoft.Common.CurrentVersion.targets(5394,5): warning MSB3026: Could not copy "C:\Programming\board game hub\backend\BoardGameHub.Api\obj\Debug\net8.0\apphost.exe" to "bin\Debug\net8.0\BoardGameHub.Api.exe". Beginning retry 2 in 1000ms. The process cannot access the file 'C:\Programming\board game hub\backend\BoardGameHub.Api\bin\Debug\net8.0\BoardGameHub.Api.exe' because it is being used by another process. The file is locked by: "BoardGameHub.Api (19148)" [C:\Programming\board game hub\backend\BoardGameHub.Api\BoardGameHub.Api.csproj]
C:\Program Files\dotnet\sdk\9.0.305\Microsoft.Common.CurrentVersion.targets(5394,5): warning MSB3026: Could not copy "C:\Programming\board game hub\backend\BoardGameHub.Api\obj\Debug\net8.0\apphost.exe" to "bin\Debug\net8.0\BoardGameHub.Api.exe". Beginning retry 3 in 1000ms. The process cannot access the file 'C:\Programming\board game hub\backend\BoardGameHub.Api\bin\Debug\net8.0\BoardGameHub.Api.exe' because it is being used by another process. The file is locked by: "BoardGameHub.Api (19148)" [C:\Programming\board game hub\backend\BoardGameHub.Api\BoardGameHub.Api.csproj]
C:\Program Files\dotnet\sdk\9.0.305\Microsoft.Common.CurrentVersion.targets(5394,5): warning MSB3026: Could not copy "C:\Programming\board game hub\backend\BoardGameHub.Api\obj\Debug\net8.0\apphost.exe" to "bin\Debug\net8.0\BoardGameHub.Api.exe". Beginning retry 4 in 1000ms. The process cannot access the file 'C:\Programming\board game hub\backend\BoardGameHub.Api\bin\Debug\net8.0\BoardGameHub.Api.exe' because it is being used by another process. The file is locked by: "BoardGameHub.Api (19148)" [C:\Programming\board game hub\backend\BoardGameHub.Api\BoardGameHub.Api.csproj]
C:\Program Files\dotnet\sdk\9.0.305\Microsoft.Common.CurrentVersion.targets(5394,5): warning MSB3026: Could not copy "C:\Programming\board game hub\backend\BoardGameHub.Api\obj\Debug\net8.0\apphost.exe" to "bin\Debug\net8.0\BoardGameHub.Api.exe". Beginning retry 5 in 1000ms. The process cannot access the file 'C:\Programming\board game hub\backend\BoardGameHub.Api\bin\Debug\net8.0\BoardGameHub.Api.exe' because it is being used by another process. The file is locked by: "BoardGameHub.Api (19148)" [C:\Programming\board game hub\backend\BoardGameHub.Api\BoardGameHub.Api.csproj]
C:\Program Files\dotnet\sdk\9.0.305\Microsoft.Common.CurrentVersion.targets(5394,5): warning MSB3026: Could not copy "C:\Programming\board game hub\backend\BoardGameHub.Api\obj\Debug\net8.0\apphost.exe" to "bin\Debug\net8.0\BoardGameHub.Api.exe". Beginning retry 6 in 1000ms. The process cannot access the file 'C:\Programming\board game hub\backend\BoardGameHub.Api\bin\Debug\net8.0\BoardGameHub.Api.exe' because it is being used by another process. The file is locked by: "BoardGameHub.Api (19148)" [C:\Programming\board game hub\backend\BoardGameHub.Api\BoardGameHub.Api.csproj]
C:\Program Files\dotnet\sdk\9.0.305\Microsoft.Common.CurrentVersion.targets(5394,5): warning MSB3026: Could not copy "C:\Programming\board game hub\backend\BoardGameHub.Api\obj\Debug\net8.0\apphost.exe" to "bin\Debug\net8.0\BoardGameHub.Api.exe". Beginning retry 7 in 1000ms. The process cannot access the file 'C:\Programming\board game hub\backend\BoardGameHub.Api\bin\Debug\net8.0\BoardGameHub.Api.exe' because it is being used by another process. The file is locked by: "BoardGameHub.Api (19148)" [C:\Programming\board game hub\backend\BoardGameHub.Api\BoardGameHub.Api.csproj]
C:\Program Files\dotnet\sdk\9.0.305\Microsoft.Common.CurrentVersion.targets(5394,5): warning MSB3026: Could not copy "C:\Programming\board game hub\backend\BoardGameHub.Api\obj\Debug\net8.0\apphost.exe" to "bin\Debug\net8.0\BoardGameHub.Api.exe". Beginning retry 8 in 1000ms. The process cannot access the file 'C:\Programming\board game hub\backend\BoardGameHub.Api\bin\Debug\net8.0\BoardGameHub.Api.exe' because it is being used by another process. The file is locked by: "BoardGameHub.Api (19148)" [C:\Programming\board game hub\backend\BoardGameHub.Api\BoardGameHub.Api.csproj]
C:\Program Files\dotnet\sdk\9.0.305\Microsoft.Common.CurrentVersion.targets(5394,5): warning MSB3026: Could not copy "C:\Programming\board game hub\backend\BoardGameHub.Api\obj\Debug\net8.0\apphost.exe" to "bin\Debug\net8.0\BoardGameHub.Api.exe". Beginning retry 9 in 1000ms. The process cannot access the file 'C:\Programming\board game hub\backend\BoardGameHub.Api\bin\Debug\net8.0\BoardGameHub.Api.exe' because it is being used by another process. The file is locked by: "BoardGameHub.Api (19148)" [C:\Programming\board game hub\backend\BoardGameHub.Api\BoardGameHub.Api.csproj]
C:\Program Files\dotnet\sdk\9.0.305\Microsoft.Common.CurrentVersion.targets(5394,5): warning MSB3026: Could not copy "C:\Programming\board game hub\backend\BoardGameHub.Api\obj\Debug\net8.0\apphost.exe" to "bin\Debug\net8.0\BoardGameHub.Api.exe". Beginning retry 10 in 1000ms. The process cannot access the file 'C:\Programming\board game hub\backend\BoardGameHub.Api\bin\Debug\net8.0\BoardGameHub.Api.exe' because it is being used by another process. The file is locked by: "BoardGameHub.Api (19148)" [C:\Programming\board game hub\backend\BoardGameHub.Api\BoardGameHub.Api.csproj]
C:\Program Files\dotnet\sdk\9.0.305\Microsoft.Common.CurrentVersion.targets(5394,5): error MSB3027: Could not copy "C:\Programming\board game hub\backend\BoardGameHub.Api\obj\Debug\net8.0\apphost.exe" to "bin\Debug\net8.0\BoardGameHub.Api.exe". Exceeded retry count of 10. Failed. The file is locked by: "BoardGameHub.Api (19148)" [C:\Programming\board game hub\backend\BoardGameHub.Api\BoardGameHub.Api.csproj]
C:\Program Files\dotnet\sdk\9.0.305\Microsoft.Common.CurrentVersion.targets(5394,5): error MSB3021: Unable to copy file "C:\Programming\board game hub\backend\BoardGameHub.Api\obj\Debug\net8.0\apphost.exe" to "bin\Debug\net8.0\BoardGameHub.Api.exe". The process cannot access the file 'C:\Programming\board game hub\backend\BoardGameHub.Api\bin\Debug\net8.0\BoardGameHub.Api.exe' because it is being used by another process. [C:\Programming\board game hub\backend\BoardGameHub.Api\BoardGameHub.Api.csproj]
    10 Warning(s)
    2 Error(s)

Time Elapsed 00:00:11.92

Workload updates are available. Run `dotnet workload list` for more information.
