  Determining projects to restore...
  All projects are up-to-date for restore.
  BoardGameHub.Api -> C:\Programming\board game hub\backend\BoardGameHub.Api\bin\Debug\net8.0\BoardGameHub.Api.dll
C:\Programming\board game hub\backend\BoardGameHub.Tests\Services\Core\GameHistoryServiceTests.cs(18,14): error CS1061: 'DbContextOptionsBuilder<AppDbContext>' does not contain a definition for 'UseInMemoryDatabase' and no accessible extension method 'UseInMemoryDatabase' accepting a first argument of type 'DbContextOptionsBuilder<AppDbContext>' could be found (are you missing a using directive or an assembly reference?) [C:\Programming\board game hub\backend\BoardGameHub.Tests\BoardGameHub.Tests.csproj]
C:\Programming\board game hub\backend\BoardGameHub.Tests\Controllers\AuthControllerTests.cs(26,70): warning CS8625: Cannot convert null literal to non-nullable reference type. [C:\Programming\board game hub\backend\BoardGameHub.Tests\BoardGameHub.Tests.csproj]
C:\Programming\board game hub\backend\BoardGameHub.Tests\Controllers\AuthControllerTests.cs(26,76): warning CS8625: Cannot convert null literal to non-nullable reference type. [C:\Programming\board game hub\backend\BoardGameHub.Tests\BoardGameHub.Tests.csproj]
C:\Programming\board game hub\backend\BoardGameHub.Tests\Controllers\AuthControllerTests.cs(26,82): warning CS8625: Cannot convert null literal to non-nullable reference type. [C:\Programming\board game hub\backend\BoardGameHub.Tests\BoardGameHub.Tests.csproj]
C:\Programming\board game hub\backend\BoardGameHub.Tests\Controllers\AuthControllerTests.cs(26,88): warning CS8625: Cannot convert null literal to non-nullable reference type. [C:\Programming\board game hub\backend\BoardGameHub.Tests\BoardGameHub.Tests.csproj]
C:\Programming\board game hub\backend\BoardGameHub.Tests\Controllers\AuthControllerTests.cs(26,94): warning CS8625: Cannot convert null literal to non-nullable reference type. [C:\Programming\board game hub\backend\BoardGameHub.Tests\BoardGameHub.Tests.csproj]
C:\Programming\board game hub\backend\BoardGameHub.Tests\Controllers\AuthControllerTests.cs(26,100): warning CS8625: Cannot convert null literal to non-nullable reference type. [C:\Programming\board game hub\backend\BoardGameHub.Tests\BoardGameHub.Tests.csproj]
C:\Programming\board game hub\backend\BoardGameHub.Tests\Controllers\AuthControllerTests.cs(26,106): warning CS8625: Cannot convert null literal to non-nullable reference type. [C:\Programming\board game hub\backend\BoardGameHub.Tests\BoardGameHub.Tests.csproj]
C:\Programming\board game hub\backend\BoardGameHub.Tests\Controllers\AuthControllerTests.cs(26,112): warning CS8625: Cannot convert null literal to non-nullable reference type. [C:\Programming\board game hub\backend\BoardGameHub.Tests\BoardGameHub.Tests.csproj]
C:\Programming\board game hub\backend\BoardGameHub.Tests\Controllers\AuthControllerTests.cs(30,131): warning CS8625: Cannot convert null literal to non-nullable reference type. [C:\Programming\board game hub\backend\BoardGameHub.Tests\BoardGameHub.Tests.csproj]
C:\Programming\board game hub\backend\BoardGameHub.Tests\Controllers\AuthControllerTests.cs(30,137): warning CS8625: Cannot convert null literal to non-nullable reference type. [C:\Programming\board game hub\backend\BoardGameHub.Tests\BoardGameHub.Tests.csproj]
C:\Programming\board game hub\backend\BoardGameHub.Tests\Controllers\AuthControllerTests.cs(30,143): warning CS8625: Cannot convert null literal to non-nullable reference type. [C:\Programming\board game hub\backend\BoardGameHub.Tests\BoardGameHub.Tests.csproj]
C:\Programming\board game hub\backend\BoardGameHub.Tests\Controllers\AuthControllerTests.cs(30,149): warning CS8625: Cannot convert null literal to non-nullable reference type. [C:\Programming\board game hub\backend\BoardGameHub.Tests\BoardGameHub.Tests.csproj]

Build FAILED.

C:\Programming\board game hub\backend\BoardGameHub.Tests\Controllers\AuthControllerTests.cs(26,70): warning CS8625: Cannot convert null literal to non-nullable reference type. [C:\Programming\board game hub\backend\BoardGameHub.Tests\BoardGameHub.Tests.csproj]
C:\Programming\board game hub\backend\BoardGameHub.Tests\Controllers\AuthControllerTests.cs(26,76): warning CS8625: Cannot convert null literal to non-nullable reference type. [C:\Programming\board game hub\backend\BoardGameHub.Tests\BoardGameHub.Tests.csproj]
C:\Programming\board game hub\backend\BoardGameHub.Tests\Controllers\AuthControllerTests.cs(26,82): warning CS8625: Cannot convert null literal to non-nullable reference type. [C:\Programming\board game hub\backend\BoardGameHub.Tests\BoardGameHub.Tests.csproj]
C:\Programming\board game hub\backend\BoardGameHub.Tests\Controllers\AuthControllerTests.cs(26,88): warning CS8625: Cannot convert null literal to non-nullable reference type. [C:\Programming\board game hub\backend\BoardGameHub.Tests\BoardGameHub.Tests.csproj]
C:\Programming\board game hub\backend\BoardGameHub.Tests\Controllers\AuthControllerTests.cs(26,94): warning CS8625: Cannot convert null literal to non-nullable reference type. [C:\Programming\board game hub\backend\BoardGameHub.Tests\BoardGameHub.Tests.csproj]
C:\Programming\board game hub\backend\BoardGameHub.Tests\Controllers\AuthControllerTests.cs(26,100): warning CS8625: Cannot convert null literal to non-nullable reference type. [C:\Programming\board game hub\backend\BoardGameHub.Tests\BoardGameHub.Tests.csproj]
C:\Programming\board game hub\backend\BoardGameHub.Tests\Controllers\AuthControllerTests.cs(26,106): warning CS8625: Cannot convert null literal to non-nullable reference type. [C:\Programming\board game hub\backend\BoardGameHub.Tests\BoardGameHub.Tests.csproj]
C:\Programming\board game hub\backend\BoardGameHub.Tests\Controllers\AuthControllerTests.cs(26,112): warning CS8625: Cannot convert null literal to non-nullable reference type. [C:\Programming\board game hub\backend\BoardGameHub.Tests\BoardGameHub.Tests.csproj]
C:\Programming\board game hub\backend\BoardGameHub.Tests\Controllers\AuthControllerTests.cs(30,131): warning CS8625: Cannot convert null literal to non-nullable reference type. [C:\Programming\board game hub\backend\BoardGameHub.Tests\BoardGameHub.Tests.csproj]
C:\Programming\board game hub\backend\BoardGameHub.Tests\Controllers\AuthControllerTests.cs(30,137): warning CS8625: Cannot convert null literal to non-nullable reference type. [C:\Programming\board game hub\backend\BoardGameHub.Tests\BoardGameHub.Tests.csproj]
C:\Programming\board game hub\backend\BoardGameHub.Tests\Controllers\AuthControllerTests.cs(30,143): warning CS8625: Cannot convert null literal to non-nullable reference type. [C:\Programming\board game hub\backend\BoardGameHub.Tests\BoardGameHub.Tests.csproj]
C:\Programming\board game hub\backend\BoardGameHub.Tests\Controllers\AuthControllerTests.cs(30,149): warning CS8625: Cannot convert null literal to non-nullable reference type. [C:\Programming\board game hub\backend\BoardGameHub.Tests\BoardGameHub.Tests.csproj]
C:\Programming\board game hub\backend\BoardGameHub.Tests\Services\Core\GameHistoryServiceTests.cs(18,14): error CS1061: 'DbContextOptionsBuilder<AppDbContext>' does not contain a definition for 'UseInMemoryDatabase' and no accessible extension method 'UseInMemoryDatabase' accepting a first argument of type 'DbContextOptionsBuilder<AppDbContext>' could be found (are you missing a using directive or an assembly reference?) [C:\Programming\board game hub\backend\BoardGameHub.Tests\BoardGameHub.Tests.csproj]
    12 Warning(s)
    1 Error(s)

Time Elapsed 00:00:05.37

Workload updates are available. Run `dotnet workload list` for more information.
